2025-12-18 13:39:19,878 - src.gui.ui_config_enhanced.EnhancedUIConfig - INFO - Initializing EnhancedUIConfig
2025-12-18 13:39:21,063 - gui.ui_config_enhanced.EnhancedUIConfig - INFO - Initializing EnhancedUIConfig
2025-12-18 13:41:48,229 - src.gui.ui_config_enhanced.EnhancedUIConfig - INFO - Initializing EnhancedUIConfig
2025-12-18 13:41:48,278 - src.gui.ui_config_enhanced.EnhancedUIConfig - INFO - Initializing EnhancedUIConfig
2025-12-18 13:41:48,279 - src.gui.ui_config_enhanced.EnhancedUIConfig - INFO - Initializing EnhancedUIConfig
2025-12-18 13:41:48,280 - src.gui.ui_config_enhanced.EnhancedUIConfig - DEBUG - Merged mode from environment: UILoadingMode.AUTO_DETECT
2025-12-18 13:41:48,280 - src.gui.ui_config_enhanced.EnhancedUIConfig - DEBUG - Merged fallback_enabled from environment: True
2025-12-18 13:41:48,280 - src.gui.ui_config_enhanced.EnhancedUIConfig - DEBUG - Merged fallback_strategy from environment: FallbackStrategy.GRACEFUL
2025-12-18 13:41:48,280 - src.gui.ui_config_enhanced.EnhancedUIConfig - DEBUG - Merged cache_enabled from environment: True
2025-12-18 13:41:48,281 - src.gui.ui_config_enhanced.EnhancedUIConfig - DEBUG - Merged cache_ttl from environment: 300
2025-12-18 13:41:48,281 - src.gui.ui_config_enhanced.EnhancedUIConfig - DEBUG - Merged validate_ui_files from environment: True
2025-12-18 13:41:48,281 - src.gui.ui_config_enhanced.EnhancedUIConfig - DEBUG - Merged validate_widgets from environment: True
2025-12-18 13:41:48,281 - src.gui.ui_config_enhanced.EnhancedUIConfig - DEBUG - Merged log_level from environment: INFO
2025-12-18 13:41:48,281 - src.gui.ui_config_enhanced.EnhancedUIConfig - DEBUG - Merged max_retries from environment: 3
2025-12-18 13:41:48,281 - src.gui.ui_config_enhanced.EnhancedUIConfig - DEBUG - Merged timeout_seconds from environment: 30
2025-12-18 13:41:48,281 - src.gui.ui_config_enhanced.EnhancedUIConfig - DEBUG - Merged enable_profiling from environment: False
2025-12-18 13:41:48,281 - src.gui.ui_config_enhanced.EnhancedUIConfig - INFO - Initializing EnhancedUIConfig
2025-12-18 13:41:48,284 - src.gui.ui_config_enhanced.EnhancedUIConfig - WARNING - Unknown setting: no_fallback from command_line
2025-12-18 13:41:48,284 - src.gui.ui_config_enhanced.EnhancedUIConfig - WARNING - Unknown setting: no_validate from command_line
2025-12-18 13:41:48,284 - src.gui.ui_config_enhanced.EnhancedUIConfig - WARNING - Unknown setting: no_cache from command_line
2025-12-18 13:41:48,284 - src.gui.ui_config_enhanced.EnhancedUIConfig - DEBUG - Set enable_profiling from command_line: False
2025-12-18 13:41:48,284 - src.gui.ui_config_enhanced.EnhancedUIConfig - DEBUG - Merged mode from command_line: UILoadingMode.AUTO_DETECT
2025-12-18 13:41:48,284 - src.gui.ui_config_enhanced.EnhancedUIConfig - DEBUG - Merged fallback_enabled from command_line: True
2025-12-18 13:41:48,284 - src.gui.ui_config_enhanced.EnhancedUIConfig - DEBUG - Merged fallback_strategy from command_line: FallbackStrategy.GRACEFUL
2025-12-18 13:41:48,285 - src.gui.ui_config_enhanced.EnhancedUIConfig - DEBUG - Merged cache_enabled from command_line: True
2025-12-18 13:41:48,285 - src.gui.ui_config_enhanced.EnhancedUIConfig - DEBUG - Merged cache_ttl from command_line: 300
2025-12-18 13:41:48,285 - src.gui.ui_config_enhanced.EnhancedUIConfig - DEBUG - Merged validate_ui_files from command_line: True
2025-12-18 13:41:48,285 - src.gui.ui_config_enhanced.EnhancedUIConfig - DEBUG - Merged validate_widgets from command_line: True
2025-12-18 13:41:48,285 - src.gui.ui_config_enhanced.EnhancedUIConfig - DEBUG - Merged log_level from command_line: INFO
2025-12-18 13:41:48,285 - src.gui.ui_config_enhanced.EnhancedUIConfig - DEBUG - Merged max_retries from command_line: 3
2025-12-18 13:41:48,285 - src.gui.ui_config_enhanced.EnhancedUIConfig - DEBUG - Merged timeout_seconds from command_line: 30
2025-12-18 13:41:48,285 - src.gui.ui_config_enhanced.EnhancedUIConfig - DEBUG - Merged enable_profiling from command_line: False
2025-12-18 13:41:48,285 - src.gui.ui_config_enhanced.EnhancedUIConfig - INFO - Configuration validation passed
2025-12-18 13:43:17,083 - src.gui.ui_config_enhanced.EnhancedUIConfig - INFO - Initializing EnhancedUIConfig
2025-12-18 13:43:18,254 - gui.ui_config_enhanced.EnhancedUIConfig - INFO - Initializing EnhancedUIConfig
2025-12-18 13:43:30,107 - src.gui.ui_config_enhanced.EnhancedUIConfig - INFO - Initializing EnhancedUIConfig
2025-12-18 13:43:30,152 - src.gui.ui_config_enhanced.EnhancedUIConfig - INFO - Initializing EnhancedUIConfig
2025-12-18 13:43:30,153 - src.gui.ui_config_enhanced.EnhancedUIConfig - INFO - Initializing EnhancedUIConfig
2025-12-18 13:43:30,153 - src.gui.ui_config_enhanced.EnhancedUIConfig - DEBUG - Merged mode from environment: UILoadingMode.AUTO_DETECT
2025-12-18 13:43:30,153 - src.gui.ui_config_enhanced.EnhancedUIConfig - DEBUG - Merged fallback_enabled from environment: True
2025-12-18 13:43:30,154 - src.gui.ui_config_enhanced.EnhancedUIConfig - DEBUG - Merged fallback_strategy from environment: FallbackStrategy.GRACEFUL
2025-12-18 13:43:30,154 - src.gui.ui_config_enhanced.EnhancedUIConfig - DEBUG - Merged cache_enabled from environment: True
2025-12-18 13:43:30,154 - src.gui.ui_config_enhanced.EnhancedUIConfig - DEBUG - Merged cache_ttl from environment: 300
2025-12-18 13:43:30,154 - src.gui.ui_config_enhanced.EnhancedUIConfig - DEBUG - Merged validate_ui_files from environment: True
2025-12-18 13:43:30,154 - src.gui.ui_config_enhanced.EnhancedUIConfig - DEBUG - Merged validate_widgets from environment: True
2025-12-18 13:43:30,154 - src.gui.ui_config_enhanced.EnhancedUIConfig - DEBUG - Merged log_level from environment: INFO
2025-12-18 13:43:30,154 - src.gui.ui_config_enhanced.EnhancedUIConfig - DEBUG - Merged max_retries from environment: 3
2025-12-18 13:43:30,154 - src.gui.ui_config_enhanced.EnhancedUIConfig - DEBUG - Merged timeout_seconds from environment: 30
2025-12-18 13:43:30,154 - src.gui.ui_config_enhanced.EnhancedUIConfig - DEBUG - Merged enable_profiling from environment: False
2025-12-18 13:43:30,154 - src.gui.ui_config_enhanced.EnhancedUIConfig - INFO - Initializing EnhancedUIConfig
2025-12-18 13:43:30,156 - src.gui.ui_config_enhanced.EnhancedUIConfig - WARNING - Unknown setting: no_fallback from command_line
2025-12-18 13:43:30,157 - src.gui.ui_config_enhanced.EnhancedUIConfig - WARNING - Unknown setting: no_validate from command_line
2025-12-18 13:43:30,160 - src.gui.ui_config_enhanced.EnhancedUIConfig - WARNING - Unknown setting: no_cache from command_line
2025-12-18 13:43:30,160 - src.gui.ui_config_enhanced.EnhancedUIConfig - DEBUG - Set enable_profiling from command_line: False
2025-12-18 13:43:30,161 - src.gui.ui_config_enhanced.EnhancedUIConfig - DEBUG - Merged mode from command_line: UILoadingMode.AUTO_DETECT
2025-12-18 13:43:30,161 - src.gui.ui_config_enhanced.EnhancedUIConfig - DEBUG - Merged fallback_enabled from command_line: True
2025-12-18 13:43:30,161 - src.gui.ui_config_enhanced.EnhancedUIConfig - DEBUG - Merged fallback_strategy from command_line: FallbackStrategy.GRACEFUL
2025-12-18 13:43:30,161 - src.gui.ui_config_enhanced.EnhancedUIConfig - DEBUG - Merged cache_enabled from command_line: True
2025-12-18 13:43:30,161 - src.gui.ui_config_enhanced.EnhancedUIConfig - DEBUG - Merged cache_ttl from command_line: 300
2025-12-18 13:43:30,161 - src.gui.ui_config_enhanced.EnhancedUIConfig - DEBUG - Merged validate_ui_files from command_line: True
2025-12-18 13:43:30,161 - src.gui.ui_config_enhanced.EnhancedUIConfig - DEBUG - Merged validate_widgets from command_line: True
2025-12-18 13:43:30,161 - src.gui.ui_config_enhanced.EnhancedUIConfig - DEBUG - Merged log_level from command_line: INFO
2025-12-18 13:43:30,161 - src.gui.ui_config_enhanced.EnhancedUIConfig - DEBUG - Merged max_retries from command_line: 3
2025-12-18 13:43:30,161 - src.gui.ui_config_enhanced.EnhancedUIConfig - DEBUG - Merged timeout_seconds from command_line: 30
2025-12-18 13:43:30,161 - src.gui.ui_config_enhanced.EnhancedUIConfig - DEBUG - Merged enable_profiling from command_line: False
2025-12-18 13:43:30,161 - src.gui.ui_config_enhanced.EnhancedUIConfig - INFO - Configuration validation passed
2025-12-18 13:45:03,992 - src.gui.ui_config_enhanced.EnhancedUIConfig - INFO - Initializing EnhancedUIConfig
2025-12-18 13:45:04,028 - src.gui.ui_config_enhanced.EnhancedUIConfig - INFO - Initializing EnhancedUIConfig
2025-12-18 13:45:04,028 - src.gui.ui_config_enhanced.EnhancedUIConfig - INFO - Initializing EnhancedUIConfig
2025-12-18 13:45:04,028 - src.gui.ui_config_enhanced.EnhancedUIConfig - DEBUG - Merged mode from environment: UILoadingMode.AUTO_DETECT
2025-12-18 13:45:04,029 - src.gui.ui_config_enhanced.EnhancedUIConfig - DEBUG - Merged fallback_enabled from environment: True
2025-12-18 13:45:04,029 - src.gui.ui_config_enhanced.EnhancedUIConfig - DEBUG - Merged fallback_strategy from environment: FallbackStrategy.GRACEFUL
2025-12-18 13:45:04,029 - src.gui.ui_config_enhanced.EnhancedUIConfig - DEBUG - Merged cache_enabled from environment: True
2025-12-18 13:45:04,029 - src.gui.ui_config_enhanced.EnhancedUIConfig - DEBUG - Merged cache_ttl from environment: 300
2025-12-18 13:45:04,029 - src.gui.ui_config_enhanced.EnhancedUIConfig - DEBUG - Merged validate_ui_files from environment: True
2025-12-18 13:45:04,029 - src.gui.ui_config_enhanced.EnhancedUIConfig - DEBUG - Merged validate_widgets from environment: True
2025-12-18 13:45:04,029 - src.gui.ui_config_enhanced.EnhancedUIConfig - DEBUG - Merged log_level from environment: INFO
2025-12-18 13:45:04,029 - src.gui.ui_config_enhanced.EnhancedUIConfig - DEBUG - Merged max_retries from environment: 3
2025-12-18 13:45:04,029 - src.gui.ui_config_enhanced.EnhancedUIConfig - DEBUG - Merged timeout_seconds from environment: 30
2025-12-18 13:45:04,029 - src.gui.ui_config_enhanced.EnhancedUIConfig - DEBUG - Merged enable_profiling from environment: False
2025-12-18 13:45:04,029 - src.gui.ui_config_enhanced.EnhancedUIConfig - INFO - Initializing EnhancedUIConfig
2025-12-18 13:45:04,032 - src.gui.ui_config_enhanced.EnhancedUIConfig - WARNING - Unknown setting: no_fallback from command_line
2025-12-18 13:45:04,032 - src.gui.ui_config_enhanced.EnhancedUIConfig - WARNING - Unknown setting: no_validate from command_line
2025-12-18 13:45:04,032 - src.gui.ui_config_enhanced.EnhancedUIConfig - WARNING - Unknown setting: no_cache from command_line
2025-12-18 13:45:04,032 - src.gui.ui_config_enhanced.EnhancedUIConfig - DEBUG - Set enable_profiling from command_line: False
2025-12-18 13:45:04,032 - src.gui.ui_config_enhanced.EnhancedUIConfig - DEBUG - Merged mode from command_line: UILoadingMode.AUTO_DETECT
2025-12-18 13:45:04,032 - src.gui.ui_config_enhanced.EnhancedUIConfig - DEBUG - Merged fallback_enabled from command_line: True
2025-12-18 13:45:04,032 - src.gui.ui_config_enhanced.EnhancedUIConfig - DEBUG - Merged fallback_strategy from command_line: FallbackStrategy.GRACEFUL
2025-12-18 13:45:04,032 - src.gui.ui_config_enhanced.EnhancedUIConfig - DEBUG - Merged cache_enabled from command_line: True
2025-12-18 13:45:04,032 - src.gui.ui_config_enhanced.EnhancedUIConfig - DEBUG - Merged cache_ttl from command_line: 300
2025-12-18 13:45:04,033 - src.gui.ui_config_enhanced.EnhancedUIConfig - DEBUG - Merged validate_ui_files from command_line: True
2025-12-18 13:45:04,033 - src.gui.ui_config_enhanced.EnhancedUIConfig - DEBUG - Merged validate_widgets from command_line: True
2025-12-18 13:45:04,033 - src.gui.ui_config_enhanced.EnhancedUIConfig - DEBUG - Merged log_level from command_line: INFO
2025-12-18 13:45:04,033 - src.gui.ui_config_enhanced.EnhancedUIConfig - DEBUG - Merged max_retries from command_line: 3
2025-12-18 13:45:04,033 - src.gui.ui_config_enhanced.EnhancedUIConfig - DEBUG - Merged timeout_seconds from command_line: 30
2025-12-18 13:45:04,033 - src.gui.ui_config_enhanced.EnhancedUIConfig - DEBUG - Merged enable_profiling from command_line: False
2025-12-18 13:45:04,033 - src.gui.ui_config_enhanced.EnhancedUIConfig - INFO - Configuration validation passed
2025-12-18 13:46:01,049 - src.gui.ui_config_enhanced.EnhancedUIConfig - INFO - Initializing EnhancedUIConfig
2025-12-18 13:46:17,586 - src.gui.ui_config_enhanced.EnhancedUIConfig - INFO - Initializing EnhancedUIConfig
2025-12-18 13:47:00,677 - src.gui.ui_config_enhanced.EnhancedUIConfig - INFO - Initializing EnhancedUIConfig
2025-12-18 13:47:23,597 - src.gui.ui_config_enhanced.EnhancedUIConfig - INFO - Initializing EnhancedUIConfig
2025-12-18 13:47:23,674 - src.gui.ui_config_enhanced.EnhancedUIConfig - INFO - Initializing EnhancedUIConfig
2025-12-18 13:47:23,675 - src.gui.ui_config_enhanced.EnhancedUIConfig - INFO - Initializing EnhancedUIConfig
2025-12-18 13:47:23,677 - src.gui.ui_config_enhanced.EnhancedUIConfig - DEBUG - Merged mode from environment: UILoadingMode.AUTO_DETECT
2025-12-18 13:47:23,677 - src.gui.ui_config_enhanced.EnhancedUIConfig - DEBUG - Merged fallback_enabled from environment: True
2025-12-18 13:47:23,677 - src.gui.ui_config_enhanced.EnhancedUIConfig - DEBUG - Merged fallback_strategy from environment: FallbackStrategy.GRACEFUL
2025-12-18 13:47:23,677 - src.gui.ui_config_enhanced.EnhancedUIConfig - DEBUG - Merged cache_enabled from environment: True
2025-12-18 13:47:23,677 - src.gui.ui_config_enhanced.EnhancedUIConfig - DEBUG - Merged cache_ttl from environment: 300
2025-12-18 13:47:23,677 - src.gui.ui_config_enhanced.EnhancedUIConfig - DEBUG - Merged validate_ui_files from environment: True
2025-12-18 13:47:23,677 - src.gui.ui_config_enhanced.EnhancedUIConfig - DEBUG - Merged validate_widgets from environment: True
2025-12-18 13:47:23,677 - src.gui.ui_config_enhanced.EnhancedUIConfig - DEBUG - Merged log_level from environment: INFO
2025-12-18 13:47:23,677 - src.gui.ui_config_enhanced.EnhancedUIConfig - DEBUG - Merged max_retries from environment: 3
2025-12-18 13:47:23,677 - src.gui.ui_config_enhanced.EnhancedUIConfig - DEBUG - Merged timeout_seconds from environment: 30
2025-12-18 13:47:23,677 - src.gui.ui_config_enhanced.EnhancedUIConfig - DEBUG - Merged enable_profiling from environment: False
2025-12-18 13:47:23,677 - src.gui.ui_config_enhanced.EnhancedUIConfig - INFO - Initializing EnhancedUIConfig
2025-12-18 13:47:23,681 - src.gui.ui_config_enhanced.EnhancedUIConfig - WARNING - Unknown setting: no_fallback from command_line
2025-12-18 13:47:23,681 - src.gui.ui_config_enhanced.EnhancedUIConfig - WARNING - Unknown setting: no_validate from command_line
2025-12-18 13:47:23,682 - src.gui.ui_config_enhanced.EnhancedUIConfig - WARNING - Unknown setting: no_cache from command_line
2025-12-18 13:47:23,682 - src.gui.ui_config_enhanced.EnhancedUIConfig - DEBUG - Set enable_profiling from command_line: False
2025-12-18 13:47:23,682 - src.gui.ui_config_enhanced.EnhancedUIConfig - DEBUG - Merged mode from command_line: UILoadingMode.AUTO_DETECT
2025-12-18 13:47:23,682 - src.gui.ui_config_enhanced.EnhancedUIConfig - DEBUG - Merged fallback_enabled from command_line: True
2025-12-18 13:47:23,682 - src.gui.ui_config_enhanced.EnhancedUIConfig - DEBUG - Merged fallback_strategy from command_line: FallbackStrategy.GRACEFUL
2025-12-18 13:47:23,682 - src.gui.ui_config_enhanced.EnhancedUIConfig - DEBUG - Merged cache_enabled from command_line: True
2025-12-18 13:47:23,682 - src.gui.ui_config_enhanced.EnhancedUIConfig - DEBUG - Merged cache_ttl from command_line: 300
2025-12-18 13:47:23,682 - src.gui.ui_config_enhanced.EnhancedUIConfig - DEBUG - Merged validate_ui_files from command_line: True
2025-12-18 13:47:23,683 - src.gui.ui_config_enhanced.EnhancedUIConfig - DEBUG - Merged validate_widgets from command_line: True
2025-12-18 13:47:23,683 - src.gui.ui_config_enhanced.EnhancedUIConfig - DEBUG - Merged log_level from command_line: INFO
2025-12-18 13:47:23,683 - src.gui.ui_config_enhanced.EnhancedUIConfig - DEBUG - Merged max_retries from command_line: 3
2025-12-18 13:47:23,683 - src.gui.ui_config_enhanced.EnhancedUIConfig - DEBUG - Merged timeout_seconds from command_line: 30
2025-12-18 13:47:23,683 - src.gui.ui_config_enhanced.EnhancedUIConfig - DEBUG - Merged enable_profiling from command_line: False
2025-12-18 13:47:23,683 - src.gui.ui_config_enhanced.EnhancedUIConfig - INFO - Configuration validation passed
2025-12-18 13:48:15,294 - src.gui.ui_config_enhanced.EnhancedUIConfig - INFO - Initializing EnhancedUIConfig
2025-12-18 13:48:15,356 - src.gui.ui_config_enhanced.EnhancedUIConfig - INFO - Initializing EnhancedUIConfig
2025-12-18 13:48:15,357 - src.gui.ui_config_enhanced.EnhancedUIConfig - INFO - Initializing EnhancedUIConfig
2025-12-18 13:48:15,359 - src.gui.ui_config_enhanced.EnhancedUIConfig - DEBUG - Merged mode from environment: UILoadingMode.AUTO_DETECT
2025-12-18 13:48:15,359 - src.gui.ui_config_enhanced.EnhancedUIConfig - DEBUG - Merged fallback_enabled from environment: True
2025-12-18 13:48:15,359 - src.gui.ui_config_enhanced.EnhancedUIConfig - DEBUG - Merged fallback_strategy from environment: FallbackStrategy.GRACEFUL
2025-12-18 13:48:15,359 - src.gui.ui_config_enhanced.EnhancedUIConfig - DEBUG - Merged cache_enabled from environment: True
2025-12-18 13:48:15,359 - src.gui.ui_config_enhanced.EnhancedUIConfig - DEBUG - Merged cache_ttl from environment: 300
2025-12-18 13:48:15,359 - src.gui.ui_config_enhanced.EnhancedUIConfig - DEBUG - Merged validate_ui_files from environment: True
2025-12-18 13:48:15,359 - src.gui.ui_config_enhanced.EnhancedUIConfig - DEBUG - Merged validate_widgets from environment: True
2025-12-18 13:48:15,359 - src.gui.ui_config_enhanced.EnhancedUIConfig - DEBUG - Merged log_level from environment: INFO
2025-12-18 13:48:15,359 - src.gui.ui_config_enhanced.EnhancedUIConfig - DEBUG - Merged max_retries from environment: 3
2025-12-18 13:48:15,359 - src.gui.ui_config_enhanced.EnhancedUIConfig - DEBUG - Merged timeout_seconds from environment: 30
2025-12-18 13:48:15,359 - src.gui.ui_config_enhanced.EnhancedUIConfig - DEBUG - Merged enable_profiling from environment: False
2025-12-18 13:48:15,359 - src.gui.ui_config_enhanced.EnhancedUIConfig - INFO - Initializing EnhancedUIConfig
2025-12-18 13:48:15,362 - src.gui.ui_config_enhanced.EnhancedUIConfig - WARNING - Unknown setting: no_fallback from command_line
2025-12-18 13:48:15,362 - src.gui.ui_config_enhanced.EnhancedUIConfig - WARNING - Unknown setting: no_validate from command_line
2025-12-18 13:48:15,363 - src.gui.ui_config_enhanced.EnhancedUIConfig - WARNING - Unknown setting: no_cache from command_line
2025-12-18 13:48:15,363 - src.gui.ui_config_enhanced.EnhancedUIConfig - DEBUG - Set enable_profiling from command_line: False
2025-12-18 13:48:15,363 - src.gui.ui_config_enhanced.EnhancedUIConfig - DEBUG - Merged mode from command_line: UILoadingMode.AUTO_DETECT
2025-12-18 13:48:15,364 - src.gui.ui_config_enhanced.EnhancedUIConfig - DEBUG - Merged fallback_enabled from command_line: True
2025-12-18 13:48:15,364 - src.gui.ui_config_enhanced.EnhancedUIConfig - DEBUG - Merged fallback_strategy from command_line: FallbackStrategy.GRACEFUL
2025-12-18 13:48:15,364 - src.gui.ui_config_enhanced.EnhancedUIConfig - DEBUG - Merged cache_enabled from command_line: True
2025-12-18 13:48:15,364 - src.gui.ui_config_enhanced.EnhancedUIConfig - DEBUG - Merged cache_ttl from command_line: 300
2025-12-18 13:48:15,364 - src.gui.ui_config_enhanced.EnhancedUIConfig - DEBUG - Merged validate_ui_files from command_line: True
2025-12-18 13:48:15,364 - src.gui.ui_config_enhanced.EnhancedUIConfig - DEBUG - Merged validate_widgets from command_line: True
2025-12-18 13:48:15,364 - src.gui.ui_config_enhanced.EnhancedUIConfig - DEBUG - Merged log_level from command_line: INFO
2025-12-18 13:48:15,364 - src.gui.ui_config_enhanced.EnhancedUIConfig - DEBUG - Merged max_retries from command_line: 3
2025-12-18 13:48:15,364 - src.gui.ui_config_enhanced.EnhancedUIConfig - DEBUG - Merged timeout_seconds from command_line: 30
2025-12-18 13:48:15,364 - src.gui.ui_config_enhanced.EnhancedUIConfig - DEBUG - Merged enable_profiling from command_line: False
2025-12-18 13:48:15,364 - src.gui.ui_config_enhanced.EnhancedUIConfig - INFO - Configuration validation passed
2025-12-18 13:48:19,534 - src.gui.ui_config_enhanced.EnhancedUIConfig - INFO - Initializing EnhancedUIConfig
2025-12-18 13:49:05,348 - src.gui.ui_config_enhanced.EnhancedUIConfig - INFO - Initializing EnhancedUIConfig
2025-12-18 13:50:33,027 - src.gui.ui_config_enhanced.EnhancedUIConfig - INFO - Initializing EnhancedUIConfig
2025-12-18 13:51:23,667 - src.gui.ui_config_enhanced.EnhancedUIConfig - INFO - Initializing EnhancedUIConfig
2025-12-18 13:51:25,350 - gui.ui_config_enhanced.EnhancedUIConfig - INFO - Initializing EnhancedUIConfig
2025-12-18 14:08:06,190 - src.gui.ui_config_enhanced.EnhancedUIConfig - INFO - Initializing EnhancedUIConfig
2025-12-18 14:08:06,251 - src.gui.ui_config_enhanced.EnhancedUIConfig - INFO - Initializing EnhancedUIConfig
2025-12-18 14:08:06,252 - src.gui.ui_config_enhanced.EnhancedUIConfig - INFO - Initializing EnhancedUIConfig
2025-12-18 14:08:06,252 - src.gui.ui_config_enhanced.EnhancedUIConfig - DEBUG - Merged mode from environment: UILoadingMode.AUTO_DETECT
2025-12-18 14:08:06,252 - src.gui.ui_config_enhanced.EnhancedUIConfig - DEBUG - Merged fallback_enabled from environment: True
2025-12-18 14:08:06,252 - src.gui.ui_config_enhanced.EnhancedUIConfig - DEBUG - Merged fallback_strategy from environment: FallbackStrategy.GRACEFUL
2025-12-18 14:08:06,252 - src.gui.ui_config_enhanced.EnhancedUIConfig - DEBUG - Merged cache_enabled from environment: True
2025-12-18 14:08:06,252 - src.gui.ui_config_enhanced.EnhancedUIConfig - DEBUG - Merged cache_ttl from environment: 300
2025-12-18 14:08:06,252 - src.gui.ui_config_enhanced.EnhancedUIConfig - DEBUG - Merged validate_ui_files from environment: True
2025-12-18 14:08:06,252 - src.gui.ui_config_enhanced.EnhancedUIConfig - DEBUG - Merged validate_widgets from environment: True
2025-12-18 14:08:06,252 - src.gui.ui_config_enhanced.EnhancedUIConfig - DEBUG - Merged log_level from environment: INFO
2025-12-18 14:08:06,252 - src.gui.ui_config_enhanced.EnhancedUIConfig - DEBUG - Merged max_retries from environment: 3
2025-12-18 14:08:06,252 - src.gui.ui_config_enhanced.EnhancedUIConfig - DEBUG - Merged timeout_seconds from environment: 30
2025-12-18 14:08:06,252 - src.gui.ui_config_enhanced.EnhancedUIConfig - DEBUG - Merged enable_profiling from environment: False
2025-12-18 14:08:06,252 - src.gui.ui_config_enhanced.EnhancedUIConfig - INFO - Initializing EnhancedUIConfig
2025-12-18 14:08:06,255 - src.gui.ui_config_enhanced.EnhancedUIConfig - WARNING - Unknown setting: no_fallback from command_line
2025-12-18 14:08:06,256 - src.gui.ui_config_enhanced.EnhancedUIConfig - WARNING - Unknown setting: no_validate from command_line
2025-12-18 14:08:06,256 - src.gui.ui_config_enhanced.EnhancedUIConfig - WARNING - Unknown setting: no_cache from command_line
2025-12-18 14:08:06,256 - src.gui.ui_config_enhanced.EnhancedUIConfig - DEBUG - Set enable_profiling from command_line: False
2025-12-18 14:08:06,256 - src.gui.ui_config_enhanced.EnhancedUIConfig - DEBUG - Merged mode from command_line: UILoadingMode.AUTO_DETECT
2025-12-18 14:08:06,256 - src.gui.ui_config_enhanced.EnhancedUIConfig - DEBUG - Merged fallback_enabled from command_line: True
2025-12-18 14:08:06,256 - src.gui.ui_config_enhanced.EnhancedUIConfig - DEBUG - Merged fallback_strategy from command_line: FallbackStrategy.GRACEFUL
2025-12-18 14:08:06,256 - src.gui.ui_config_enhanced.EnhancedUIConfig - DEBUG - Merged cache_enabled from command_line: True
2025-12-18 14:08:06,256 - src.gui.ui_config_enhanced.EnhancedUIConfig - DEBUG - Merged cache_ttl from command_line: 300
2025-12-18 14:08:06,257 - src.gui.ui_config_enhanced.EnhancedUIConfig - DEBUG - Merged validate_ui_files from command_line: True
2025-12-18 14:08:06,257 - src.gui.ui_config_enhanced.EnhancedUIConfig - DEBUG - Merged validate_widgets from command_line: True
2025-12-18 14:08:06,257 - src.gui.ui_config_enhanced.EnhancedUIConfig - DEBUG - Merged log_level from command_line: INFO
2025-12-18 14:08:06,257 - src.gui.ui_config_enhanced.EnhancedUIConfig - DEBUG - Merged max_retries from command_line: 3
2025-12-18 14:08:06,257 - src.gui.ui_config_enhanced.EnhancedUIConfig - DEBUG - Merged timeout_seconds from command_line: 30
2025-12-18 14:08:06,257 - src.gui.ui_config_enhanced.EnhancedUIConfig - DEBUG - Merged enable_profiling from command_line: False
2025-12-18 14:08:06,257 - src.gui.ui_config_enhanced.EnhancedUIConfig - INFO - Configuration validation passed
2025-12-18 14:09:33,150 - src.gui.ui_config_enhanced.EnhancedUIConfig - INFO - Initializing EnhancedUIConfig
2025-12-18 14:09:58,280 - src.gui.ui_config_enhanced.EnhancedUIConfig - INFO - Initializing EnhancedUIConfig
2025-12-18 14:11:41,822 - src.gui.ui_config_enhanced.EnhancedUIConfig - INFO - Initializing EnhancedUIConfig
2025-12-18 14:12:48,531 - src.gui.ui_config_enhanced.EnhancedUIConfig - INFO - Initializing EnhancedUIConfig
2025-12-18 14:12:49,392 - src.gui.ui_config_enhanced.EnhancedUIConfig - INFO - Initializing EnhancedUIConfig
2025-12-18 14:12:49,420 - src.gui.ui_config_enhanced.EnhancedUIConfig - INFO - Initializing EnhancedUIConfig
2025-12-18 14:14:52,796 - src.gui.ui_config_enhanced.EnhancedUIConfig - INFO - Initializing EnhancedUIConfig
2025-12-18 14:14:53,463 - src.gui.ui_config_enhanced.EnhancedUIConfig - INFO - Initializing EnhancedUIConfig
2025-12-18 14:17:50,747 - src.gui.ui_config_enhanced.EnhancedUIConfig - INFO - Initializing EnhancedUIConfig
2025-12-18 14:17:50,792 - src.gui.ui_config_enhanced.EnhancedUIConfig - INFO - Initializing EnhancedUIConfig
2025-12-18 14:21:19,611 - src.gui.ui_config_enhanced.EnhancedUIConfig - INFO - Initializing EnhancedUIConfig
2025-12-18 14:21:21,221 - src.gui.ui_config_enhanced.EnhancedUIConfig - INFO - Initializing EnhancedUIConfig
2025-12-18 14:21:21,272 - src.gui.ui_config_enhanced.EnhancedUIConfig - INFO - Initializing EnhancedUIConfig
2025-12-18 14:21:21,273 - src.gui.ui_config_enhanced.EnhancedUIConfig - INFO - Initializing EnhancedUIConfig
2025-12-18 14:21:21,273 - src.gui.ui_config_enhanced.EnhancedUIConfig - DEBUG - Merged mode from environment: UILoadingMode.AUTO_DETECT
2025-12-18 14:21:21,273 - src.gui.ui_config_enhanced.EnhancedUIConfig - DEBUG - Merged fallback_enabled from environment: True
2025-12-18 14:21:21,273 - src.gui.ui_config_enhanced.EnhancedUIConfig - DEBUG - Merged fallback_strategy from environment: FallbackStrategy.GRACEFUL
2025-12-18 14:21:21,273 - src.gui.ui_config_enhanced.EnhancedUIConfig - DEBUG - Merged cache_enabled from environment: True
2025-12-18 14:21:21,273 - src.gui.ui_config_enhanced.EnhancedUIConfig - DEBUG - Merged cache_ttl from environment: 300
2025-12-18 14:21:21,273 - src.gui.ui_config_enhanced.EnhancedUIConfig - DEBUG - Merged validate_ui_files from environment: True
2025-12-18 14:21:21,273 - src.gui.ui_config_enhanced.EnhancedUIConfig - DEBUG - Merged validate_widgets from environment: True
2025-12-18 14:21:21,273 - src.gui.ui_config_enhanced.EnhancedUIConfig - DEBUG - Merged log_level from environment: INFO
2025-12-18 14:21:21,273 - src.gui.ui_config_enhanced.EnhancedUIConfig - DEBUG - Merged max_retries from environment: 3
2025-12-18 14:21:21,274 - src.gui.ui_config_enhanced.EnhancedUIConfig - DEBUG - Merged timeout_seconds from environment: 30
2025-12-18 14:21:21,274 - src.gui.ui_config_enhanced.EnhancedUIConfig - DEBUG - Merged enable_profiling from environment: False
2025-12-18 14:21:21,274 - src.gui.ui_config_enhanced.EnhancedUIConfig - INFO - Initializing EnhancedUIConfig
2025-12-18 14:21:21,276 - src.gui.ui_config_enhanced.EnhancedUIConfig - WARNING - Unknown setting: no_fallback from command_line
2025-12-18 14:21:21,277 - src.gui.ui_config_enhanced.EnhancedUIConfig - WARNING - Unknown setting: no_validate from command_line
2025-12-18 14:21:21,277 - src.gui.ui_config_enhanced.EnhancedUIConfig - WARNING - Unknown setting: no_cache from command_line
2025-12-18 14:21:21,277 - src.gui.ui_config_enhanced.EnhancedUIConfig - DEBUG - Set enable_profiling from command_line: False
2025-12-18 14:21:21,277 - src.gui.ui_config_enhanced.EnhancedUIConfig - DEBUG - Merged mode from command_line: UILoadingMode.AUTO_DETECT
2025-12-18 14:21:21,277 - src.gui.ui_config_enhanced.EnhancedUIConfig - DEBUG - Merged fallback_enabled from command_line: True
2025-12-18 14:21:21,277 - src.gui.ui_config_enhanced.EnhancedUIConfig - DEBUG - Merged fallback_strategy from command_line: FallbackStrategy.GRACEFUL
2025-12-18 14:21:21,277 - src.gui.ui_config_enhanced.EnhancedUIConfig - DEBUG - Merged cache_enabled from command_line: True
2025-12-18 14:21:21,278 - src.gui.ui_config_enhanced.EnhancedUIConfig - DEBUG - Merged cache_ttl from command_line: 300
2025-12-18 14:21:21,278 - src.gui.ui_config_enhanced.EnhancedUIConfig - DEBUG - Merged validate_ui_files from command_line: True
2025-12-18 14:21:21,278 - src.gui.ui_config_enhanced.EnhancedUIConfig - DEBUG - Merged validate_widgets from command_line: True
2025-12-18 14:21:21,278 - src.gui.ui_config_enhanced.EnhancedUIConfig - DEBUG - Merged log_level from command_line: INFO
2025-12-18 14:21:21,278 - src.gui.ui_config_enhanced.EnhancedUIConfig - DEBUG - Merged max_retries from command_line: 3
2025-12-18 14:21:21,278 - src.gui.ui_config_enhanced.EnhancedUIConfig - DEBUG - Merged timeout_seconds from command_line: 30
2025-12-18 14:21:21,278 - src.gui.ui_config_enhanced.EnhancedUIConfig - DEBUG - Merged enable_profiling from command_line: False
2025-12-18 14:21:21,278 - src.gui.ui_config_enhanced.EnhancedUIConfig - INFO - Configuration validation passed
2025-12-18 14:21:59,447 - src.gui.ui_config_enhanced.EnhancedUIConfig - INFO - Initializing EnhancedUIConfig
2025-12-18 14:23:30,862 - src.gui.ui_config_enhanced.EnhancedUIConfig - INFO - Initializing EnhancedUIConfig
2025-12-18 14:23:31,778 - gui.ui_config_enhanced.EnhancedUIConfig - INFO - Initializing EnhancedUIConfig
2025-12-18 14:28:06,554 - src.gui.ui_config_enhanced.EnhancedUIConfig - INFO - Initializing EnhancedUIConfig
2025-12-18 14:28:07,295 - gui.ui_config_enhanced.EnhancedUIConfig - INFO - Initializing EnhancedUIConfig
2025-12-18 14:31:12,250 - src.gui.ui_config_enhanced.EnhancedUIConfig - INFO - Initializing EnhancedUIConfig
2025-12-18 14:31:12,958 - gui.ui_config_enhanced.EnhancedUIConfig - INFO - Initializing EnhancedUIConfig
2025-12-19 13:08:08,103 - src.gui.ui_config_enhanced.EnhancedUIConfig - INFO - Initializing EnhancedUIConfig
2025-12-19 13:08:09,126 - gui.ui_config_enhanced.EnhancedUIConfig - INFO - Initializing EnhancedUIConfig
2025-12-19 13:08:38,948 - src.gui.ui_config_enhanced.EnhancedUIConfig - INFO - Initializing EnhancedUIConfig
2025-12-19 13:08:38,991 - src.gui.ui_config_enhanced.EnhancedUIConfig - INFO - Initializing EnhancedUIConfig
2025-12-19 13:08:38,991 - src.gui.ui_config_enhanced.EnhancedUIConfig - INFO - Initializing EnhancedUIConfig
2025-12-19 13:08:38,992 - src.gui.ui_config_enhanced.EnhancedUIConfig - DEBUG - Merged mode from environment: UILoadingMode.AUTO_DETECT
2025-12-19 13:08:38,992 - src.gui.ui_config_enhanced.EnhancedUIConfig - DEBUG - Merged fallback_enabled from environment: True
2025-12-19 13:08:38,992 - src.gui.ui_config_enhanced.EnhancedUIConfig - DEBUG - Merged fallback_strategy from environment: FallbackStrategy.GRACEFUL
2025-12-19 13:08:38,992 - src.gui.ui_config_enhanced.EnhancedUIConfig - DEBUG - Merged cache_enabled from environment: True
2025-12-19 13:08:38,992 - src.gui.ui_config_enhanced.EnhancedUIConfig - DEBUG - Merged cache_ttl from environment: 300
2025-12-19 13:08:38,992 - src.gui.ui_config_enhanced.EnhancedUIConfig - DEBUG - Merged validate_ui_files from environment: True
2025-12-19 13:08:38,992 - src.gui.ui_config_enhanced.EnhancedUIConfig - DEBUG - Merged validate_widgets from environment: True
2025-12-19 13:08:38,992 - src.gui.ui_config_enhanced.EnhancedUIConfig - DEBUG - Merged log_level from environment: INFO
2025-12-19 13:08:38,992 - src.gui.ui_config_enhanced.EnhancedUIConfig - DEBUG - Merged max_retries from environment: 3
2025-12-19 13:08:38,992 - src.gui.ui_config_enhanced.EnhancedUIConfig - DEBUG - Merged timeout_seconds from environment: 30
2025-12-19 13:08:38,992 - src.gui.ui_config_enhanced.EnhancedUIConfig - DEBUG - Merged enable_profiling from environment: False
2025-12-19 13:08:38,992 - src.gui.ui_config_enhanced.EnhancedUIConfig - INFO - Initializing EnhancedUIConfig
2025-12-19 13:08:38,995 - src.gui.ui_config_enhanced.EnhancedUIConfig - WARNING - Unknown setting: no_fallback from command_line
2025-12-19 13:08:38,995 - src.gui.ui_config_enhanced.EnhancedUIConfig - WARNING - Unknown setting: no_validate from command_line
2025-12-19 13:08:38,995 - src.gui.ui_config_enhanced.EnhancedUIConfig - WARNING - Unknown setting: no_cache from command_line
2025-12-19 13:08:38,996 - src.gui.ui_config_enhanced.EnhancedUIConfig - DEBUG - Set enable_profiling from command_line: False
2025-12-19 13:08:38,996 - src.gui.ui_config_enhanced.EnhancedUIConfig - DEBUG - Merged mode from command_line: UILoadingMode.AUTO_DETECT
2025-12-19 13:08:38,996 - src.gui.ui_config_enhanced.EnhancedUIConfig - DEBUG - Merged fallback_enabled from command_line: True
2025-12-19 13:08:38,996 - src.gui.ui_config_enhanced.EnhancedUIConfig - DEBUG - Merged fallback_strategy from command_line: FallbackStrategy.GRACEFUL
2025-12-19 13:08:38,996 - src.gui.ui_config_enhanced.EnhancedUIConfig - DEBUG - Merged cache_enabled from command_line: True
2025-12-19 13:08:38,996 - src.gui.ui_config_enhanced.EnhancedUIConfig - DEBUG - Merged cache_ttl from command_line: 300
2025-12-19 13:08:38,996 - src.gui.ui_config_enhanced.EnhancedUIConfig - DEBUG - Merged validate_ui_files from command_line: True
2025-12-19 13:08:38,996 - src.gui.ui_config_enhanced.EnhancedUIConfig - DEBUG - Merged validate_widgets from command_line: True
2025-12-19 13:08:38,996 - src.gui.ui_config_enhanced.EnhancedUIConfig - DEBUG - Merged log_level from command_line: INFO
2025-12-19 13:08:38,996 - src.gui.ui_config_enhanced.EnhancedUIConfig - DEBUG - Merged max_retries from command_line: 3
2025-12-19 13:08:38,996 - src.gui.ui_config_enhanced.EnhancedUIConfig - DEBUG - Merged timeout_seconds from command_line: 30
2025-12-19 13:08:38,996 - src.gui.ui_config_enhanced.EnhancedUIConfig - DEBUG - Merged enable_profiling from command_line: False
2025-12-19 13:08:38,996 - src.gui.ui_config_enhanced.EnhancedUIConfig - INFO - Configuration validation passed
2026-01-13 16:58:31,333 - src.gui.ui_config.EnhancedUIConfig - INFO - Initializing EnhancedUIConfig
2026-01-13 16:58:56,298 - src.gui.ui_config.EnhancedUIConfig - INFO - Initializing EnhancedUIConfig
2026-01-13 17:07:47,961 - src.gui.ui_config.EnhancedUIConfig - INFO - Initializing EnhancedUIConfig
2026-01-13 17:10:36,233 - src.gui.ui_config.UIConfig - INFO - Initializing UIConfig
2026-01-13 17:46:10,516 - src.gui.ui_config.UIConfig - INFO - Initializing UIConfig
2026-01-13 17:46:54,653 - src.gui.ui_config.UIConfig - INFO - Initializing UIConfig
2026-01-13 17:48:29,072 - src.gui.ui_config.UIConfig - INFO - Initializing UIConfig
2026-01-14 09:24:35,295 - src.gui.ui_config.UIConfig - INFO - Initializing UIConfig
2026-01-14 12:53:37,725 - src.gui.ui_config.UIConfig - INFO - Initializing UIConfig
2026-01-14 13:19:07,180 - src.gui.ui_config.UIConfig - INFO - Initializing UIConfig
2026-01-14 13:40:47,312 - src.gui.ui_config.UIConfig - INFO - Initializing UIConfig
2026-01-14 14:01:57,489 - src.gui.ui_config.UIConfig - INFO - Initializing UIConfig
2026-01-14 14:01:57,492 - src.gui.ui_config.UIConfig - INFO - Initializing UIConfig
2026-01-14 14:01:57,492 - src.gui.ui_config.UIConfig - INFO - Initializing UIConfig
2026-01-14 14:01:57,492 - src.gui.ui_config.UIConfig - DEBUG - Merged mode from environment: UILoadingMode.AUTO_DETECT
2026-01-14 14:01:57,492 - src.gui.ui_config.UIConfig - DEBUG - Merged fallback_enabled from environment: True
2026-01-14 14:01:57,493 - src.gui.ui_config.UIConfig - DEBUG - Merged fallback_strategy from environment: FallbackStrategy.GRACEFUL
2026-01-14 14:01:57,493 - src.gui.ui_config.UIConfig - DEBUG - Merged cache_enabled from environment: True
2026-01-14 14:01:57,493 - src.gui.ui_config.UIConfig - DEBUG - Merged cache_ttl from environment: 300
2026-01-14 14:01:57,493 - src.gui.ui_config.UIConfig - DEBUG - Merged validate_ui_files from environment: True
2026-01-14 14:01:57,493 - src.gui.ui_config.UIConfig - DEBUG - Merged validate_widgets from environment: True
2026-01-14 14:01:57,493 - src.gui.ui_config.UIConfig - DEBUG - Merged log_level from environment: INFO
2026-01-14 14:01:57,493 - src.gui.ui_config.UIConfig - DEBUG - Merged max_retries from environment: 3
2026-01-14 14:01:57,493 - src.gui.ui_config.UIConfig - DEBUG - Merged timeout_seconds from environment: 30
2026-01-14 14:01:57,493 - src.gui.ui_config.UIConfig - DEBUG - Merged enable_profiling from environment: False
2026-01-14 14:01:57,493 - src.gui.ui_config.UIConfig - INFO - Initializing UIConfig
2026-01-14 14:01:57,499 - src.gui.ui_config.UIConfig - WARNING - Unknown setting: no_fallback from command_line
2026-01-14 14:01:57,505 - src.gui.ui_config.UIConfig - WARNING - Unknown setting: no_validate from command_line
2026-01-14 14:01:57,505 - src.gui.ui_config.UIConfig - WARNING - Unknown setting: no_cache from command_line
2026-01-14 14:01:57,505 - src.gui.ui_config.UIConfig - DEBUG - Set enable_profiling from command_line: False
2026-01-14 14:01:57,505 - src.gui.ui_config.UIConfig - DEBUG - Merged mode from command_line: UILoadingMode.AUTO_DETECT
2026-01-14 14:01:57,505 - src.gui.ui_config.UIConfig - DEBUG - Merged fallback_enabled from command_line: True
2026-01-14 14:01:57,505 - src.gui.ui_config.UIConfig - DEBUG - Merged fallback_strategy from command_line: FallbackStrategy.GRACEFUL
2026-01-14 14:01:57,505 - src.gui.ui_config.UIConfig - DEBUG - Merged cache_enabled from command_line: True
2026-01-14 14:01:57,505 - src.gui.ui_config.UIConfig - DEBUG - Merged cache_ttl from command_line: 300
2026-01-14 14:01:57,505 - src.gui.ui_config.UIConfig - DEBUG - Merged validate_ui_files from command_line: True
2026-01-14 14:01:57,506 - src.gui.ui_config.UIConfig - DEBUG - Merged validate_widgets from command_line: True
2026-01-14 14:01:57,506 - src.gui.ui_config.UIConfig - DEBUG - Merged log_level from command_line: INFO
2026-01-14 14:01:57,506 - src.gui.ui_config.UIConfig - DEBUG - Merged max_retries from command_line: 3
2026-01-14 14:01:57,506 - src.gui.ui_config.UIConfig - DEBUG - Merged timeout_seconds from command_line: 30
2026-01-14 14:01:57,506 - src.gui.ui_config.UIConfig - DEBUG - Merged enable_profiling from command_line: False
2026-01-14 14:01:57,506 - src.gui.ui_config.UIConfig - INFO - Configuration validation passed
2026-01-14 14:47:14,402 - src.gui.ui_config.UIConfig - INFO - Initializing UIConfig
2026-01-14 14:49:59,315 - src.gui.ui_config.UIConfig - INFO - Initializing UIConfig
2026-01-14 14:54:24,346 - src.gui.ui_config.UIConfig - INFO - Initializing UIConfig
2026-01-14 15:03:18,250 - src.gui.ui_config.UIConfig - INFO - Initializing UIConfig
2026-01-14 15:09:36,307 - src.gui.ui_config.UIConfig - INFO - Initializing UIConfig
2026-01-14 15:09:36,332 - src.gui.ui_config.UIConfig - INFO - Initializing UIConfig
2026-01-14 15:09:36,332 - src.gui.ui_config.UIConfig - INFO - Initializing UIConfig
2026-01-14 15:09:36,332 - src.gui.ui_config.UIConfig - DEBUG - Merged mode from environment: UILoadingMode.AUTO_DETECT
2026-01-14 15:09:36,333 - src.gui.ui_config.UIConfig - DEBUG - Merged fallback_enabled from environment: True
2026-01-14 15:09:36,333 - src.gui.ui_config.UIConfig - DEBUG - Merged fallback_strategy from environment: FallbackStrategy.GRACEFUL
2026-01-14 15:09:36,333 - src.gui.ui_config.UIConfig - DEBUG - Merged cache_enabled from environment: True
2026-01-14 15:09:36,333 - src.gui.ui_config.UIConfig - DEBUG - Merged cache_ttl from environment: 300
2026-01-14 15:09:36,333 - src.gui.ui_config.UIConfig - DEBUG - Merged validate_ui_files from environment: True
2026-01-14 15:09:36,333 - src.gui.ui_config.UIConfig - DEBUG - Merged validate_widgets from environment: True
2026-01-14 15:09:36,333 - src.gui.ui_config.UIConfig - DEBUG - Merged log_level from environment: INFO
2026-01-14 15:09:36,333 - src.gui.ui_config.UIConfig - DEBUG - Merged max_retries from environment: 3
2026-01-14 15:09:36,333 - src.gui.ui_config.UIConfig - DEBUG - Merged timeout_seconds from environment: 30
2026-01-14 15:09:36,333 - src.gui.ui_config.UIConfig - DEBUG - Merged enable_profiling from environment: False
2026-01-14 15:09:36,333 - src.gui.ui_config.UIConfig - INFO - Initializing UIConfig
2026-01-14 15:09:36,347 - src.gui.ui_config.UIConfig - WARNING - Unknown setting: no_fallback from command_line
2026-01-14 15:09:36,347 - src.gui.ui_config.UIConfig - WARNING - Unknown setting: no_validate from command_line
2026-01-14 15:09:36,348 - src.gui.ui_config.UIConfig - WARNING - Unknown setting: no_cache from command_line
2026-01-14 15:09:36,348 - src.gui.ui_config.UIConfig - DEBUG - Set enable_profiling from command_line: False
2026-01-14 15:09:36,348 - src.gui.ui_config.UIConfig - DEBUG - Merged mode from command_line: UILoadingMode.AUTO_DETECT
2026-01-14 15:09:36,348 - src.gui.ui_config.UIConfig - DEBUG - Merged fallback_enabled from command_line: True
2026-01-14 15:09:36,348 - src.gui.ui_config.UIConfig - DEBUG - Merged fallback_strategy from command_line: FallbackStrategy.GRACEFUL
2026-01-14 15:09:36,348 - src.gui.ui_config.UIConfig - DEBUG - Merged cache_enabled from command_line: True
2026-01-14 15:09:36,348 - src.gui.ui_config.UIConfig - DEBUG - Merged cache_ttl from command_line: 300
2026-01-14 15:09:36,349 - src.gui.ui_config.UIConfig - DEBUG - Merged validate_ui_files from command_line: True
2026-01-14 15:09:36,349 - src.gui.ui_config.UIConfig - DEBUG - Merged validate_widgets from command_line: True
2026-01-14 15:09:36,349 - src.gui.ui_config.UIConfig - DEBUG - Merged log_level from command_line: INFO
2026-01-14 15:09:36,349 - src.gui.ui_config.UIConfig - DEBUG - Merged max_retries from command_line: 3
2026-01-14 15:09:36,349 - src.gui.ui_config.UIConfig - DEBUG - Merged timeout_seconds from command_line: 30
2026-01-14 15:09:36,349 - src.gui.ui_config.UIConfig - DEBUG - Merged enable_profiling from command_line: False
2026-01-14 15:09:36,349 - src.gui.ui_config.UIConfig - INFO - Configuration validation passed
2026-01-14 15:10:33,692 - src.gui.ui_config.UIConfig - INFO - Initializing UIConfig
2026-01-14 15:10:33,699 - src.gui.ui_config.UIConfig - INFO - Initializing UIConfig
2026-01-14 15:10:33,699 - src.gui.ui_config.UIConfig - INFO - Initializing UIConfig
2026-01-14 15:10:33,699 - src.gui.ui_config.UIConfig - DEBUG - Merged mode from environment: UILoadingMode.AUTO_DETECT
2026-01-14 15:10:33,700 - src.gui.ui_config.UIConfig - DEBUG - Merged fallback_enabled from environment: True
2026-01-14 15:10:33,700 - src.gui.ui_config.UIConfig - DEBUG - Merged fallback_strategy from environment: FallbackStrategy.GRACEFUL
2026-01-14 15:10:33,700 - src.gui.ui_config.UIConfig - DEBUG - Merged cache_enabled from environment: True
2026-01-14 15:10:33,700 - src.gui.ui_config.UIConfig - DEBUG - Merged cache_ttl from environment: 300
2026-01-14 15:10:33,700 - src.gui.ui_config.UIConfig - DEBUG - Merged validate_ui_files from environment: True
2026-01-14 15:10:33,700 - src.gui.ui_config.UIConfig - DEBUG - Merged validate_widgets from environment: True
2026-01-14 15:10:33,700 - src.gui.ui_config.UIConfig - DEBUG - Merged log_level from environment: INFO
2026-01-14 15:10:33,700 - src.gui.ui_config.UIConfig - DEBUG - Merged max_retries from environment: 3
2026-01-14 15:10:33,700 - src.gui.ui_config.UIConfig - DEBUG - Merged timeout_seconds from environment: 30
2026-01-14 15:10:33,700 - src.gui.ui_config.UIConfig - DEBUG - Merged enable_profiling from environment: False
2026-01-14 15:10:33,700 - src.gui.ui_config.UIConfig - INFO - Initializing UIConfig
2026-01-14 15:10:33,707 - src.gui.ui_config.UIConfig - WARNING - Unknown setting: no_fallback from command_line
2026-01-14 15:10:33,707 - src.gui.ui_config.UIConfig - WARNING - Unknown setting: no_validate from command_line
2026-01-14 15:10:33,707 - src.gui.ui_config.UIConfig - WARNING - Unknown setting: no_cache from command_line
2026-01-14 15:10:33,708 - src.gui.ui_config.UIConfig - DEBUG - Set enable_profiling from command_line: False
2026-01-14 15:10:33,708 - src.gui.ui_config.UIConfig - DEBUG - Merged mode from command_line: UILoadingMode.AUTO_DETECT
2026-01-14 15:10:33,708 - src.gui.ui_config.UIConfig - DEBUG - Merged fallback_enabled from command_line: True
2026-01-14 15:10:33,708 - src.gui.ui_config.UIConfig - DEBUG - Merged fallback_strategy from command_line: FallbackStrategy.GRACEFUL
2026-01-14 15:10:33,708 - src.gui.ui_config.UIConfig - DEBUG - Merged cache_enabled from command_line: True
2026-01-14 15:10:33,708 - src.gui.ui_config.UIConfig - DEBUG - Merged cache_ttl from command_line: 300
2026-01-14 15:10:33,708 - src.gui.ui_config.UIConfig - DEBUG - Merged validate_ui_files from command_line: True
2026-01-14 15:10:33,708 - src.gui.ui_config.UIConfig - DEBUG - Merged validate_widgets from command_line: True
2026-01-14 15:10:33,708 - src.gui.ui_config.UIConfig - DEBUG - Merged log_level from command_line: INFO
2026-01-14 15:10:33,708 - src.gui.ui_config.UIConfig - DEBUG - Merged max_retries from command_line: 3
2026-01-14 15:10:33,708 - src.gui.ui_config.UIConfig - DEBUG - Merged timeout_seconds from command_line: 30
2026-01-14 15:10:33,709 - src.gui.ui_config.UIConfig - DEBUG - Merged enable_profiling from command_line: False
2026-01-14 15:10:33,709 - src.gui.ui_config.UIConfig - INFO - Configuration validation passed
2026-01-14 15:14:24,443 - src.gui.ui_config.UIConfig - INFO - Initializing UIConfig
2026-01-14 15:14:48,687 - src.gui.ui_config.UIConfig - INFO - Initializing UIConfig
2026-01-14 15:14:48,709 - src.gui.ui_config.UIConfig - INFO - Initializing UIConfig
2026-01-14 15:14:48,710 - src.gui.ui_config.UIConfig - INFO - Initializing UIConfig
2026-01-14 15:14:48,710 - src.gui.ui_config.UIConfig - DEBUG - Merged mode from environment: UILoadingMode.AUTO_DETECT
2026-01-14 15:14:48,710 - src.gui.ui_config.UIConfig - DEBUG - Merged fallback_enabled from environment: True
2026-01-14 15:14:48,711 - src.gui.ui_config.UIConfig - DEBUG - Merged fallback_strategy from environment: FallbackStrategy.GRACEFUL
2026-01-14 15:14:48,711 - src.gui.ui_config.UIConfig - DEBUG - Merged cache_enabled from environment: True
2026-01-14 15:14:48,711 - src.gui.ui_config.UIConfig - DEBUG - Merged cache_ttl from environment: 300
2026-01-14 15:14:48,711 - src.gui.ui_config.UIConfig - DEBUG - Merged validate_ui_files from environment: True
2026-01-14 15:14:48,711 - src.gui.ui_config.UIConfig - DEBUG - Merged validate_widgets from environment: True
2026-01-14 15:14:48,711 - src.gui.ui_config.UIConfig - DEBUG - Merged log_level from environment: INFO
2026-01-14 15:14:48,711 - src.gui.ui_config.UIConfig - DEBUG - Merged max_retries from environment: 3
2026-01-14 15:14:48,711 - src.gui.ui_config.UIConfig - DEBUG - Merged timeout_seconds from environment: 30
2026-01-14 15:14:48,711 - src.gui.ui_config.UIConfig - DEBUG - Merged enable_profiling from environment: False
2026-01-14 15:14:48,711 - src.gui.ui_config.UIConfig - INFO - Initializing UIConfig
2026-01-14 15:14:48,724 - src.gui.ui_config.UIConfig - WARNING - Unknown setting: no_fallback from command_line
2026-01-14 15:14:48,724 - src.gui.ui_config.UIConfig - WARNING - Unknown setting: no_validate from command_line
2026-01-14 15:14:48,725 - src.gui.ui_config.UIConfig - WARNING - Unknown setting: no_cache from command_line
2026-01-14 15:14:48,727 - src.gui.ui_config.UIConfig - DEBUG - Set enable_profiling from command_line: False
2026-01-14 15:14:48,727 - src.gui.ui_config.UIConfig - DEBUG - Merged mode from command_line: UILoadingMode.AUTO_DETECT
2026-01-14 15:14:48,727 - src.gui.ui_config.UIConfig - DEBUG - Merged fallback_enabled from command_line: True
2026-01-14 15:14:48,727 - src.gui.ui_config.UIConfig - DEBUG - Merged fallback_strategy from command_line: FallbackStrategy.GRACEFUL
2026-01-14 15:14:48,727 - src.gui.ui_config.UIConfig - DEBUG - Merged cache_enabled from command_line: True
2026-01-14 15:14:48,727 - src.gui.ui_config.UIConfig - DEBUG - Merged cache_ttl from command_line: 300
2026-01-14 15:14:48,727 - src.gui.ui_config.UIConfig - DEBUG - Merged validate_ui_files from command_line: True
2026-01-14 15:14:48,728 - src.gui.ui_config.UIConfig - DEBUG - Merged validate_widgets from command_line: True
2026-01-14 15:14:48,728 - src.gui.ui_config.UIConfig - DEBUG - Merged log_level from command_line: INFO
2026-01-14 15:14:48,728 - src.gui.ui_config.UIConfig - DEBUG - Merged max_retries from command_line: 3
2026-01-14 15:14:48,729 - src.gui.ui_config.UIConfig - DEBUG - Merged timeout_seconds from command_line: 30
2026-01-14 15:14:48,729 - src.gui.ui_config.UIConfig - DEBUG - Merged enable_profiling from command_line: False
2026-01-14 15:14:48,729 - src.gui.ui_config.UIConfig - INFO - Configuration validation passed
2026-01-14 15:14:48,812 - src.gui.ui_config.UIConfig - INFO - Initializing UIConfig
2026-01-14 15:18:31,919 - src.gui.ui_config.UIConfig - INFO - Initializing UIConfig
2026-01-14 15:18:31,923 - src.gui.ui_config.UIConfig - INFO - Initializing UIConfig
2026-01-14 15:18:31,923 - src.gui.ui_config.UIConfig - INFO - Initializing UIConfig
2026-01-14 15:18:31,923 - src.gui.ui_config.UIConfig - DEBUG - Merged mode from environment: UILoadingMode.AUTO_DETECT
2026-01-14 15:18:31,923 - src.gui.ui_config.UIConfig - DEBUG - Merged fallback_enabled from environment: True
2026-01-14 15:18:31,923 - src.gui.ui_config.UIConfig - DEBUG - Merged fallback_strategy from environment: FallbackStrategy.GRACEFUL
2026-01-14 15:18:31,923 - src.gui.ui_config.UIConfig - DEBUG - Merged cache_enabled from environment: True
2026-01-14 15:18:31,923 - src.gui.ui_config.UIConfig - DEBUG - Merged cache_ttl from environment: 300
2026-01-14 15:18:31,924 - src.gui.ui_config.UIConfig - DEBUG - Merged validate_ui_files from environment: True
2026-01-14 15:18:31,924 - src.gui.ui_config.UIConfig - DEBUG - Merged validate_widgets from environment: True
2026-01-14 15:18:31,929 - src.gui.ui_config.UIConfig - DEBUG - Merged log_level from environment: INFO
2026-01-14 15:18:31,929 - src.gui.ui_config.UIConfig - DEBUG - Merged max_retries from environment: 3
2026-01-14 15:18:31,929 - src.gui.ui_config.UIConfig - DEBUG - Merged timeout_seconds from environment: 30
2026-01-14 15:18:31,929 - src.gui.ui_config.UIConfig - DEBUG - Merged enable_profiling from environment: False
2026-01-14 15:18:31,929 - src.gui.ui_config.UIConfig - INFO - Initializing UIConfig
2026-01-14 15:18:31,937 - src.gui.ui_config.UIConfig - WARNING - Unknown setting: no_fallback from command_line
2026-01-14 15:18:31,937 - src.gui.ui_config.UIConfig - WARNING - Unknown setting: no_validate from command_line
2026-01-14 15:18:31,938 - src.gui.ui_config.UIConfig - WARNING - Unknown setting: no_cache from command_line
2026-01-14 15:18:31,938 - src.gui.ui_config.UIConfig - DEBUG - Set enable_profiling from command_line: False
2026-01-14 15:18:31,938 - src.gui.ui_config.UIConfig - DEBUG - Merged mode from command_line: UILoadingMode.AUTO_DETECT
2026-01-14 15:18:31,938 - src.gui.ui_config.UIConfig - DEBUG - Merged fallback_enabled from command_line: True
2026-01-14 15:18:31,938 - src.gui.ui_config.UIConfig - DEBUG - Merged fallback_strategy from command_line: FallbackStrategy.GRACEFUL
2026-01-14 15:18:31,938 - src.gui.ui_config.UIConfig - DEBUG - Merged cache_enabled from command_line: True
2026-01-14 15:18:31,938 - src.gui.ui_config.UIConfig - DEBUG - Merged cache_ttl from command_line: 300
2026-01-14 15:18:31,938 - src.gui.ui_config.UIConfig - DEBUG - Merged validate_ui_files from command_line: True
2026-01-14 15:18:31,938 - src.gui.ui_config.UIConfig - DEBUG - Merged validate_widgets from command_line: True
2026-01-14 15:18:31,938 - src.gui.ui_config.UIConfig - DEBUG - Merged log_level from command_line: INFO
2026-01-14 15:18:31,938 - src.gui.ui_config.UIConfig - DEBUG - Merged max_retries from command_line: 3
2026-01-14 15:18:31,939 - src.gui.ui_config.UIConfig - DEBUG - Merged timeout_seconds from command_line: 30
2026-01-14 15:18:31,939 - src.gui.ui_config.UIConfig - DEBUG - Merged enable_profiling from command_line: False
2026-01-14 15:18:31,939 - src.gui.ui_config.UIConfig - INFO - Configuration validation passed
2026-01-14 15:18:32,068 - src.gui.ui_config.UIConfig - INFO - Initializing UIConfig
2026-01-14 15:21:22,119 - src.gui.ui_config.UIConfig - INFO - Initializing UIConfig
2026-01-14 15:21:22,122 - src.gui.ui_config.UIConfig - INFO - Initializing UIConfig
2026-01-14 15:21:22,123 - src.gui.ui_config.UIConfig - INFO - Initializing UIConfig
2026-01-14 15:21:22,123 - src.gui.ui_config.UIConfig - DEBUG - Merged mode from environment: UILoadingMode.AUTO_DETECT
2026-01-14 15:21:22,123 - src.gui.ui_config.UIConfig - DEBUG - Merged fallback_enabled from environment: True
2026-01-14 15:21:22,123 - src.gui.ui_config.UIConfig - DEBUG - Merged fallback_strategy from environment: FallbackStrategy.GRACEFUL
2026-01-14 15:21:22,123 - src.gui.ui_config.UIConfig - DEBUG - Merged cache_enabled from environment: True
2026-01-14 15:21:22,123 - src.gui.ui_config.UIConfig - DEBUG - Merged cache_ttl from environment: 300
2026-01-14 15:21:22,123 - src.gui.ui_config.UIConfig - DEBUG - Merged validate_ui_files from environment: True
2026-01-14 15:21:22,123 - src.gui.ui_config.UIConfig - DEBUG - Merged validate_widgets from environment: True
2026-01-14 15:21:22,123 - src.gui.ui_config.UIConfig - DEBUG - Merged log_level from environment: INFO
2026-01-14 15:21:22,123 - src.gui.ui_config.UIConfig - DEBUG - Merged max_retries from environment: 3
2026-01-14 15:21:22,124 - src.gui.ui_config.UIConfig - DEBUG - Merged timeout_seconds from environment: 30
2026-01-14 15:21:22,124 - src.gui.ui_config.UIConfig - DEBUG - Merged enable_profiling from environment: False
2026-01-14 15:21:22,124 - src.gui.ui_config.UIConfig - INFO - Initializing UIConfig
2026-01-14 15:21:22,135 - src.gui.ui_config.UIConfig - WARNING - Unknown setting: no_fallback from command_line
2026-01-14 15:21:22,135 - src.gui.ui_config.UIConfig - WARNING - Unknown setting: no_validate from command_line
2026-01-14 15:21:22,135 - src.gui.ui_config.UIConfig - WARNING - Unknown setting: no_cache from command_line
2026-01-14 15:21:22,135 - src.gui.ui_config.UIConfig - DEBUG - Set enable_profiling from command_line: False
2026-01-14 15:21:22,135 - src.gui.ui_config.UIConfig - DEBUG - Merged mode from command_line: UILoadingMode.AUTO_DETECT
2026-01-14 15:21:22,135 - src.gui.ui_config.UIConfig - DEBUG - Merged fallback_enabled from command_line: True
2026-01-14 15:21:22,135 - src.gui.ui_config.UIConfig - DEBUG - Merged fallback_strategy from command_line: FallbackStrategy.GRACEFUL
2026-01-14 15:21:22,135 - src.gui.ui_config.UIConfig - DEBUG - Merged cache_enabled from command_line: True
2026-01-14 15:21:22,135 - src.gui.ui_config.UIConfig - DEBUG - Merged cache_ttl from command_line: 300
2026-01-14 15:21:22,136 - src.gui.ui_config.UIConfig - DEBUG - Merged validate_ui_files from command_line: True
2026-01-14 15:21:22,136 - src.gui.ui_config.UIConfig - DEBUG - Merged validate_widgets from command_line: True
2026-01-14 15:21:22,136 - src.gui.ui_config.UIConfig - DEBUG - Merged log_level from command_line: INFO
2026-01-14 15:21:22,136 - src.gui.ui_config.UIConfig - DEBUG - Merged max_retries from command_line: 3
2026-01-14 15:21:22,136 - src.gui.ui_config.UIConfig - DEBUG - Merged timeout_seconds from command_line: 30
2026-01-14 15:21:22,136 - src.gui.ui_config.UIConfig - DEBUG - Merged enable_profiling from command_line: False
2026-01-14 15:21:22,136 - src.gui.ui_config.UIConfig - INFO - Configuration validation passed
2026-01-14 15:21:22,299 - src.gui.ui_config.UIConfig - INFO - Initializing UIConfig
2026-01-14 16:00:00,241 - src.gui.ui_config.UIConfig - INFO - Initializing UIConfig
2026-01-14 16:01:08,656 - src.gui.ui_config.UIConfig - INFO - Initializing UIConfig
2026-01-14 16:05:19,221 - src.gui.ui_config.UIConfig - INFO - Initializing UIConfig
2026-01-14 16:13:39,498 - src.gui.ui_config.UIConfig - INFO - Initializing UIConfig
2026-01-14 16:22:43,099 - src.gui.ui_config.UIConfig - INFO - Initializing UIConfig
2026-01-14 16:23:17,252 - src.gui.ui_config.UIConfig - INFO - Initializing UIConfig
2026-01-14 16:23:17,267 - src.gui.ui_config.UIConfig - INFO - Initializing UIConfig
2026-01-14 16:23:17,267 - src.gui.ui_config.UIConfig - INFO - Updated ui_base_path from runtime: resources\ui\files
2026-01-14 16:23:17,268 - src.gui.ui_config.UIConfig - INFO - Configuration validation passed
2026-01-14 16:23:17,277 - src.gui.ui_config.UIConfig - INFO - Initializing UIConfig
2026-01-14 16:26:13,431 - src.gui.ui_config.UIConfig - INFO - Initializing UIConfig
2026-01-14 16:26:13,435 - src.gui.ui_config.UIConfig - INFO - Initializing UIConfig
2026-01-14 16:26:13,441 - src.gui.ui_config.UIConfig - INFO - Updated ui_base_path from runtime: resources\ui\files
2026-01-14 16:26:13,442 - src.gui.ui_config.UIConfig - INFO - Configuration validation passed
2026-01-14 16:26:13,445 - src.gui.ui_config.UIConfig - INFO - Initializing UIConfig
2026-01-14 17:01:57,465 - src.gui.ui_config.UIConfig - INFO - Initializing UIConfig
2026-01-14 17:01:57,487 - src.gui.ui_config.UIConfig - INFO - Initializing UIConfig
2026-01-14 17:01:57,487 - src.gui.ui_config.UIConfig - INFO - Updated ui_base_path from runtime: resources\ui\files
2026-01-14 17:01:57,488 - src.gui.ui_config.UIConfig - INFO - Configuration validation passed
2026-01-14 17:01:57,490 - src.gui.ui_config.UIConfig - INFO - Initializing UIConfig
2026-01-15 09:29:49,714 - src.gui.ui_config.UIConfig - INFO - Initializing UIConfig
2026-01-15 09:29:49,731 - src.gui.ui_config.UIConfig - INFO - Initializing UIConfig
2026-01-15 09:29:49,731 - src.gui.ui_config.UIConfig - INFO - Updated ui_base_path from runtime: resources\ui\files
2026-01-15 09:29:49,732 - src.gui.ui_config.UIConfig - INFO - Configuration validation passed
2026-01-15 09:29:49,743 - src.gui.ui_config.UIConfig - INFO - Initializing UIConfig
